Determining if the pthread_create exist failed with the following output:
Change Dir: /home/ioannis/Documents/UCL_project/code_development/GPU_code/src_v1_24a/build/CMakeFiles/CMakeTmp

Run Build Command:"/usr/bin/make" "cmTC_f136a/fast"
/usr/bin/make -f CMakeFiles/cmTC_f136a.dir/build.make CMakeFiles/cmTC_f136a.dir/build
make[1]: Entering directory '/home/ioannis/Documents/UCL_project/code_development/GPU_code/src_v1_24a/build/CMakeFiles/CMakeTmp'
Building C object CMakeFiles/cmTC_f136a.dir/CheckSymbolExists.c.o
/usr/bin/cc   -fPIC    -o CMakeFiles/cmTC_f136a.dir/CheckSymbolExists.c.o   -c /home/ioannis/Documents/UCL_project/code_development/GPU_code/src_v1_24a/build/CMakeFiles/CMakeTmp/CheckSymbolExists.c
Linking C executable cmTC_f136a
/usr/bin/cmake -E cmake_link_script CMakeFiles/cmTC_f136a.dir/link.txt --verbose=1
/usr/bin/cc -fPIC     CMakeFiles/cmTC_f136a.dir/CheckSymbolExists.c.o  -o cmTC_f136a 
CMakeFiles/cmTC_f136a.dir/CheckSymbolExists.c.o: In function `main':
CheckSymbolExists.c:(.text+0x1b): undefined reference to `pthread_create'
collect2: error: ld returned 1 exit status
CMakeFiles/cmTC_f136a.dir/build.make:97: recipe for target 'cmTC_f136a' failed
make[1]: *** [cmTC_f136a] Error 1
make[1]: Leaving directory '/home/ioannis/Documents/UCL_project/code_development/GPU_code/src_v1_24a/build/CMakeFiles/CMakeTmp'
Makefile:126: recipe for target 'cmTC_f136a/fast' failed
make: *** [cmTC_f136a/fast] Error 2

File /home/ioannis/Documents/UCL_project/code_development/GPU_code/src_v1_24a/build/CMakeFiles/CMakeTmp/CheckSymbolExists.c:
/* */
#include <pthread.h>

int main(int argc, char** argv)
{
  (void)argv;
#ifndef pthread_create
  return ((int*)(&pthread_create))[argc];
#else
  (void)argc;
  return 0;
#endif
}

Determining if the function pthread_create exists in the pthreads failed with the following output:
Change Dir: /home/ioannis/Documents/UCL_project/code_development/GPU_code/src_v1_24a/build/CMakeFiles/CMakeTmp

Run Build Command:"/usr/bin/make" "cmTC_bc1fa/fast"
/usr/bin/make -f CMakeFiles/cmTC_bc1fa.dir/build.make CMakeFiles/cmTC_bc1fa.dir/build
make[1]: Entering directory '/home/ioannis/Documents/UCL_project/code_development/GPU_code/src_v1_24a/build/CMakeFiles/CMakeTmp'
Building C object CMakeFiles/cmTC_bc1fa.dir/CheckFunctionExists.c.o
/usr/bin/cc   -fPIC -DCHECK_FUNCTION_EXISTS=pthread_create   -o CMakeFiles/cmTC_bc1fa.dir/CheckFunctionExists.c.o   -c /usr/share/cmake-3.10/Modules/CheckFunctionExists.c
Linking C executable cmTC_bc1fa
/usr/bin/cmake -E cmake_link_script CMakeFiles/cmTC_bc1fa.dir/link.txt --verbose=1
/usr/bin/cc -fPIC -DCHECK_FUNCTION_EXISTS=pthread_create    CMakeFiles/cmTC_bc1fa.dir/CheckFunctionExists.c.o  -o cmTC_bc1fa -lpthreads 
/usr/bin/ld: cannot find -lpthreads
collect2: error: ld returned 1 exit status
CMakeFiles/cmTC_bc1fa.dir/build.make:97: recipe for target 'cmTC_bc1fa' failed
make[1]: *** [cmTC_bc1fa] Error 1
make[1]: Leaving directory '/home/ioannis/Documents/UCL_project/code_development/GPU_code/src_v1_24a/build/CMakeFiles/CMakeTmp'
Makefile:126: recipe for target 'cmTC_bc1fa/fast' failed
make: *** [cmTC_bc1fa/fast] Error 2


